// Jest Snapshot v1, https://goo.gl/fbAQLP

exports[`<Drag/> shoulder render a Drag 1`] = `
<p
  className="Drag"
  onMouseDown={[Function]}
/>
`;
